---
http_interactions:
- request:
    method: post
    uri: https://api.kroger.com/v1/connect/oauth2/token?grant_type=client_credentials
    body:
      encoding: UTF-8
      string: ''
    headers:
      Authorization:
      - Basic ZnJ1Z2FseWZvb2RzLTU0ODIwMzY3MDJlOGEwMDAwNTE0MjExZmJlMjM1ZTQ3NzA2OTQ3ODcxMDkxOTczNDUzMTpkY2gwNGhSVEU1RlUwSkdLTU1odVNqc1RXdGo0NjZjVlVyWUJ4YXZY
      Content-Type:
      - application/x-www-form-urlencoded
      Accept:
      - application/json
      User-Agent:
      - Faraday v2.7.1
      Content-Length:
      - '0'
      Accept-Encoding:
      - gzip;q=1.0,deflate;q=0.6,identity;q=0.3
  response:
    status:
      code: 200
      message: OK
    headers:
      Content-Type:
      - application/json; charset=utf-8
      Content-Length:
      - '944'
      Server:
      - nginx
      Access-Control-Allow-Credentials:
      - 'true'
      Content-Security-Policy:
      - default-src 'self' localhost:*; script-src 'self' 'unsafe-inline' 'unsafe-eval'
        assets.adobedtm.com s.pinimg.com www.googletagmanager.com bat.bing.com www.googleadservices.com
        googleads.g.doubleclick.net ct.pinterest.com; connect-src 'self' dpm.demdex.net
        stats.kroger.com; font-src 'self' fonts.gstatic.com; frame-src kroger.demdex.com
        *.kroger.demdex.com bid.g.doubleclick.net; img-src 'self' *.kroger.com sstats.kroger.com
        *.google.com dpm.demdex.net bat.bing.com ct.pinterest.com cm.everesttech.net;
        style-src 'self' 'unsafe-inline' fonts.googleapis.com;
      X-Content-Type-Options:
      - nosniff
      X-Correlation-Id:
      - akam_1670714385_f0f78aea-337b-48b1-9dfb-46a280aa4fd5
      X-Frame-Options:
      - DENY
      X-Kroger-Proxy-Latency:
      - '2'
      X-Kroger-Upstream-Latency:
      - '18'
      X-Vcap-Request-Id:
      - a73e749f-566d-44df-7b35-4f33dca669e5
      X-Xss-Protection:
      - '1'
      Vary:
      - Accept-Encoding
      Akamai-Be-Grn:
      - 0.bc657468.1670714385.8b951
      Access-Control-Allow-Headers:
      - origin, x-requested-with, accept
      Access-Control-Max-Age:
      - '7200'
      Access-Control-Allow-Methods:
      - GET, PUT, POST, DELETE
      Date:
      - Sat, 10 Dec 2022 23:19:45 GMT
      Connection:
      - keep-alive
      Server-Timing:
      - cdn-cache; desc=MISS
      - edge; dur=9
      - origin; dur=124
      Akamai-Grn:
      - 0.47a93817.1670714385.d106995
      Strict-Transport-Security:
      - max-age=31536000
      Set-Cookie:
      - akaalb_Digital_ALB_API=~op=KT_Digital_API_Apigee:api-apigee|~rv=87~m=api-apigee:0|~os=75b4a9ec926d2a9e67035451773cec6c~id=66aefae4e7e79e3d146c2fcd5a5dbbfb;
        path=/; HttpOnly; Secure; SameSite=None
    body:
      encoding: UTF-8
      string: '{"expires_in":1800,"access_token":"eyJhbGciOiJSUzI1NiIsImprdSI6Imh0dHBzOi8vYXBpLmtyb2dlci5jb20vdjEvLndlbGwta25vd24vandrcy5qc29uIiwia2lkIjoiWjRGZDNtc2tJSDg4aXJ0N0xCNWM2Zz09IiwidHlwIjoiSldUIn0.eyJhdWQiOiJmcnVnYWx5Zm9vZHMtNTQ4MjAzNjcwMmU4YTAwMDA1MTQyMTFmYmUyMzVlNDc3MDY5NDc4NzEwOTE5NzM0NTMxIiwiZXhwIjoxNjcwNzE2MTg1LCJpYXQiOjE2NzA3MTQzODAsImlzcyI6ImFwaS5rcm9nZXIuY29tIiwic3ViIjoiZTc0OGI1NmUtYTcwZC01YWMwLThiNWEtNTYyN2IwOTIxODE3Iiwic2NvcGUiOiIiLCJhdXRoQXQiOjE2NzA3MTQzODU3MDE1OTA5MDMsImF6cCI6ImZydWdhbHlmb29kcy01NDgyMDM2NzAyZThhMDAwMDUxNDIxMWZiZTIzNWU0NzcwNjk0Nzg3MTA5MTk3MzQ1MzEifQ.lg0VN8NajbVrvH1GCDpsv9w0CYnGb_og4qc0gk-a-hUKmaDb3h0sqxgTKqfHKBc77h_BjNjOCfe_U23BQJbtWAjpKyuM8GgqrA1IPiZxM6t1IRY0AA5KqbWZ16KnL5cmNZ1MVohIh-2oiWNxlNVsaOMtLgzk3FpVQocH9O_r7fB3S2p2VVnDGD0z8yXGzR44frKnPhZ9_ThGCBaCVIHJiQ3l9_zLsuMyC_jZv4cP9HRcHN75_qZc-hA1Uav5VaThzZw2q-Jy6MoLzG3o47-YJOkiQRE4PdfEvKj9PFLh-dF9vfnh5IBahqN6JgEM07pJrQL8WxXMEckh-a7qw-3--w","token_type":"bearer"}'
  recorded_at: Sat, 10 Dec 2022 23:19:45 GMT
- request:
    method: get
    uri: https://api.kroger.com/v1/locations?filter.limit=10&filter.radiusInMiles=10&filter.zipCode.near=80108
    body:
      encoding: US-ASCII
      string: ''
    headers:
      Authorization:
      - Bearer eyJhbGciOiJSUzI1NiIsImprdSI6Imh0dHBzOi8vYXBpLmtyb2dlci5jb20vdjEvLndlbGwta25vd24vandrcy5qc29uIiwia2lkIjoiWjRGZDNtc2tJSDg4aXJ0N0xCNWM2Zz09IiwidHlwIjoiSldUIn0.eyJhdWQiOiJmcnVnYWx5Zm9vZHMtNTQ4MjAzNjcwMmU4YTAwMDA1MTQyMTFmYmUyMzVlNDc3MDY5NDc4NzEwOTE5NzM0NTMxIiwiZXhwIjoxNjcwNzE2MTg1LCJpYXQiOjE2NzA3MTQzODAsImlzcyI6ImFwaS5rcm9nZXIuY29tIiwic3ViIjoiZTc0OGI1NmUtYTcwZC01YWMwLThiNWEtNTYyN2IwOTIxODE3Iiwic2NvcGUiOiIiLCJhdXRoQXQiOjE2NzA3MTQzODU3MDE1OTA5MDMsImF6cCI6ImZydWdhbHlmb29kcy01NDgyMDM2NzAyZThhMDAwMDUxNDIxMWZiZTIzNWU0NzcwNjk0Nzg3MTA5MTk3MzQ1MzEifQ.lg0VN8NajbVrvH1GCDpsv9w0CYnGb_og4qc0gk-a-hUKmaDb3h0sqxgTKqfHKBc77h_BjNjOCfe_U23BQJbtWAjpKyuM8GgqrA1IPiZxM6t1IRY0AA5KqbWZ16KnL5cmNZ1MVohIh-2oiWNxlNVsaOMtLgzk3FpVQocH9O_r7fB3S2p2VVnDGD0z8yXGzR44frKnPhZ9_ThGCBaCVIHJiQ3l9_zLsuMyC_jZv4cP9HRcHN75_qZc-hA1Uav5VaThzZw2q-Jy6MoLzG3o47-YJOkiQRE4PdfEvKj9PFLh-dF9vfnh5IBahqN6JgEM07pJrQL8WxXMEckh-a7qw-3--w
      Content-Type:
      - application/x-www-form-urlencoded
      Accept:
      - application/json
      User-Agent:
      - Faraday v2.7.1
      Accept-Encoding:
      - gzip;q=1.0,deflate;q=0.6,identity;q=0.3
  response:
    status:
      code: 200
      message: OK
    headers:
      Content-Type:
      - application/json; charset=utf-8
      Content-Length:
      - '21495'
      Server:
      - nginx
      Access-Control-Allow-Origin:
      - "*"
      X-Correlation-Id:
      - akam_1670714385_148efc7c-8f90-4e7e-88db-21ba63d5eeac
      X-Kroger-Proxy-Latency:
      - '7'
      X-Kroger-Upstream-Latency:
      - '44'
      X-Vcap-Request-Id:
      - 5622e232-6652-44c7-696d-720bc9aba183
      Vary:
      - Accept-Encoding
      Akamai-Be-Grn:
      - 0.be657468.1670714385.7b757db
      Access-Control-Allow-Headers:
      - origin, x-requested-with, accept
      Access-Control-Max-Age:
      - '7200'
      Access-Control-Allow-Methods:
      - GET, PUT, POST, DELETE
      X-Ratelimit-Limit-Day:
      - '5000'
      X-Ratelimit-Remaining-Day:
      - '4990'
      Date:
      - Sat, 10 Dec 2022 23:19:45 GMT
      Connection:
      - keep-alive
      Server-Timing:
      - cdn-cache; desc=MISS
      - edge; dur=26
      - origin; dur=141
      Akamai-Grn:
      - 0.47a93817.1670714385.d106a22
      Strict-Transport-Security:
      - max-age=31536000
      Set-Cookie:
      - akaalb_Digital_ALB_API=~op=KT_Digital_API_Apigee:api-apigee|~rv=79~m=api-apigee:0|~os=75b4a9ec926d2a9e67035451773cec6c~id=d80ec6e6c8bc03c1d9b4ac2e8ae03ce9;
        path=/; HttpOnly; Secure; SameSite=None
    body:
      encoding: UTF-8
      string: '{"data":[{"locationId":"85200113","chain":"THE LITTLE CLINIC","address":{"addressLine1":"5544
        Promenade Pkwy","city":"Castle Rock","state":"CO","zipCode":"80108","county":"DOUGLAS
        COUNTY"},"geolocation":{"latitude":39.414941,"longitude":-104.879766,"latLng":"39.414941,-104.879766"},"name":"The
        Little Clinic - 125 Castle Rock Clinic","hours":{"timezone":"America/Denver","gmtOffset":"(UTC-07:00)
        Mountain Time (US Canada)","open24":false,"monday":{"open":"08:30","close":"19:30","open24":false},"tuesday":{"open":"08:30","close":"19:30","open24":false},"wednesday":{"open":"08:30","close":"19:30","open24":false},"thursday":{"open":"08:30","close":"19:30","open24":false},"friday":{"open":"08:30","close":"19:30","open24":false},"saturday":{"open":"08:30","close":"17:00","open24":false},"sunday":{"open":"09:30","close":"16:00","open24":false}},"phone":"3035629157"},{"locationId":"62070019","chain":"LOAF
        ''N JUG","address":{"addressLine1":"4901 North Castleton Dr.","city":"Castle
        Rock","state":"CO","zipCode":"80109"},"geolocation":{"latitude":39.409918,"longitude":-104.872368,"latLng":"39.409918,-104.872368"},"name":"Loaf
        ''N Jug","departments":[{"departmentId":"10","name":"Gas Station"}]},{"locationId":"62000125","chain":"KINGSOOPERS","address":{"addressLine1":"5544
        Promenade Parkway","city":"Castle Rock","state":"CO","zipCode":"80108","county":"DOUGLAS
        COUNTY"},"geolocation":{"latitude":39.4146152,"longitude":-104.8796695,"latLng":"39.4146152,-104.8796695"},"name":"King
        Soopers Marketplace - Castle Rock","hours":{"timezone":"America/Denver","gmtOffset":"(UTC-07:00)
        Mountain Time (US Canada)","open24":false,"monday":{"open":"06:00","close":"23:00","open24":false},"tuesday":{"open":"06:00","close":"23:00","open24":false},"wednesday":{"open":"06:00","close":"23:00","open24":false},"thursday":{"open":"06:00","close":"23:00","open24":false},"friday":{"open":"06:00","close":"23:00","open24":false},"saturday":{"open":"06:00","close":"23:00","open24":false},"sunday":{"open":"06:00","close":"23:00","open24":false}},"phone":"3035629128","departments":[{"departmentId":"09","name":"Pharmacy","phone":"3035629131","hours":{"open24":false,"monday":{"open":"09:00","close":"20:00","open24":false},"tuesday":{"open":"09:00","close":"20:00","open24":false},"wednesday":{"open":"09:00","close":"20:00","open24":false},"thursday":{"open":"09:00","close":"20:00","open24":false},"friday":{"open":"09:00","close":"20:00","open24":false},"saturday":{"open":"09:00","close":"18:00","open24":false},"sunday":{"open":"10:00","close":"17:00","open24":false}}},{"departmentId":"13","name":"Cell
        Phone"},{"departmentId":"18","name":"Books And Magazines"},{"departmentId":"19","name":"Videos"},{"departmentId":"37","name":"Shoes"},{"departmentId":"12","name":"Cosmetics"},{"departmentId":"38","name":"Apparel"},{"departmentId":"40","name":"Coffee
        Bar"},{"departmentId":"64","name":"Baby World"},{"departmentId":"66","name":"Murray''s
        Cheese"},{"departmentId":"53","name":"Boar''s Head"},{"departmentId":"69","name":"Online
        Deli/Bakery Ordering"},{"departmentId":"04","name":"Meat Department"},{"departmentId":"05","name":"Seafood
        Department"},{"departmentId":"08","name":"Floral"},{"departmentId":"23","name":"Drug
        \u0026 General Merchandise"},{"departmentId":"28","name":"Driver''s Registration
        Services"},{"departmentId":"36","name":"Home Fashion And Decor"},{"departmentId":"03","name":"Cheese
        Counter"},{"departmentId":"44","name":"Beer"},{"departmentId":"49","name":"Kitchen
        Place"},{"departmentId":"LY","name":"Lottery Tickets"},{"departmentId":"02","name":"Bakery"},{"departmentId":"06","name":"Liquor"},{"departmentId":"17","name":"Bath"},{"departmentId":"21","name":"Self
        Checkout"},{"departmentId":"65","name":"Money Services"},{"departmentId":"29","name":"Event
        Tickets"},{"departmentId":"30","name":"Salad Bar"},{"departmentId":"46","name":"Sushi"},{"departmentId":"48","name":"Starbucks"},{"departmentId":"50","name":"Olive
        Bar"},{"departmentId":"58","name":"Free Wireless Access"},{"departmentId":"0K","name":"Full
        Strength Beer"},{"departmentId":"32","name":"Natural And Organics"},{"departmentId":"54","name":"Chef"},{"departmentId":"55","name":"Atm"},{"departmentId":"56","name":"Little
        Clinic/Medical Center/Urgent Care"},{"departmentId":"94","name":"Pickup"},{"departmentId":"01","name":"Deli"},{"departmentId":"10","name":"Gas
        Station","phone":"3035629128","address":{"addressLine1":"5546 Promenade Parkway","city":"Castle
        Rock","state":"CO","zipCode":"80108"},"geolocation":{"latitude":39.4146152,"longitude":-104.8796695,"latLng":"39.4146152,-104.8796695"},"offsite":true},{"departmentId":"16","name":"Drive-thru
        Pharmacy"}]},{"locationId":"62000091","chain":"KINGSOOPERS","address":{"addressLine1":"7284
        Lagae Rd","city":"Castle Pines","state":"CO","zipCode":"80108","county":"DOUGLAS
        COUNTY"},"geolocation":{"latitude":39.4685225,"longitude":-104.8793798,"latLng":"39.4685225,-104.8793798"},"name":"King
        Soopers - Castle Rock","hours":{"timezone":"America/Denver","gmtOffset":"(UTC-07:00)
        Mountain Time (US Canada)","open24":false,"monday":{"open":"06:00","close":"23:00","open24":false},"tuesday":{"open":"06:00","close":"23:00","open24":false},"wednesday":{"open":"06:00","close":"23:00","open24":false},"thursday":{"open":"06:00","close":"23:00","open24":false},"friday":{"open":"06:00","close":"23:00","open24":false},"saturday":{"open":"06:00","close":"23:00","open24":false},"sunday":{"open":"06:00","close":"23:00","open24":false}},"phone":"3036886200","departments":[{"departmentId":"26","name":"Kosher
        Food"},{"departmentId":"29","name":"Event Tickets"},{"departmentId":"48","name":"Starbucks"},{"departmentId":"53","name":"Boar''s
        Head"},{"departmentId":"63","name":"I-wireless"},{"departmentId":"94","name":"Pickup"},{"departmentId":"03","name":"Cheese
        Counter"},{"departmentId":"04","name":"Meat Department"},{"departmentId":"58","name":"Free
        Wireless Access"},{"departmentId":"46","name":"Sushi"},{"departmentId":"66","name":"Murray''s
        Cheese"},{"departmentId":"10","name":"Gas Station"},{"departmentId":"21","name":"Self
        Checkout"},{"departmentId":"55","name":"Atm"},{"departmentId":"08","name":"Floral"},{"departmentId":"09","name":"Pharmacy","phone":"3036889721","hours":{"open24":false,"monday":{"open":"09:00","close":"20:00","open24":false},"tuesday":{"open":"09:00","close":"20:00","open24":false},"wednesday":{"open":"09:00","close":"20:00","open24":false},"thursday":{"open":"09:00","close":"20:00","open24":false},"friday":{"open":"09:00","close":"20:00","open24":false},"saturday":{"open":"09:00","close":"18:00","open24":false},"sunday":{"open":"10:00","close":"17:00","open24":false}}},{"departmentId":"60","name":"Red
        Box"},{"departmentId":"23","name":"Drug \u0026 General Merchandise"},{"departmentId":"50","name":"Olive
        Bar"},{"departmentId":"02","name":"Bakery"},{"departmentId":"LY","name":"Lottery
        Tickets"},{"departmentId":"65","name":"Money Services"},{"departmentId":"69","name":"Online
        Deli/Bakery Ordering"},{"departmentId":"95","name":"Diesel"},{"departmentId":"01","name":"Deli"},{"departmentId":"05","name":"Seafood
        Department"},{"departmentId":"31","name":"Coin Star"},{"departmentId":"0K","name":"Full
        Strength Beer"},{"departmentId":"11","name":"Bank"}]},{"locationId":"62000132","chain":"KINGSOOPERS","address":{"addressLine1":"750
        N Ridge Rd","city":"Castle Rock","state":"CO","zipCode":"80104","county":"DOUGLAS
        COUNTY"},"geolocation":{"latitude":39.375845,"longitude":-104.827526,"latLng":"39.375845,-104.827526"},"name":"King
        Soopers - Castle Rock","hours":{"timezone":"America/Denver","gmtOffset":"(UTC-07:00)
        Mountain Time (US Canada)","open24":false,"monday":{"open":"06:00","close":"23:00","open24":false},"tuesday":{"open":"06:00","close":"23:00","open24":false},"wednesday":{"open":"06:00","close":"23:00","open24":false},"thursday":{"open":"06:00","close":"23:00","open24":false},"friday":{"open":"06:00","close":"23:00","open24":false},"saturday":{"open":"06:00","close":"23:00","open24":false},"sunday":{"open":"06:00","close":"23:00","open24":false}},"phone":"3036602500","departments":[{"departmentId":"53","name":"Boar''s
        Head"},{"departmentId":"58","name":"Free Wireless Access"},{"departmentId":"60","name":"Red
        Box"},{"departmentId":"69","name":"Online Deli/Bakery Ordering"},{"departmentId":"10","name":"Gas
        Station"},{"departmentId":"23","name":"Drug \u0026 General Merchandise"},{"departmentId":"28","name":"Driver''s
        Registration Services"},{"departmentId":"29","name":"Event Tickets"},{"departmentId":"63","name":"I-wireless"},{"departmentId":"94","name":"Pickup"},{"departmentId":"21","name":"Self
        Checkout"},{"departmentId":"31","name":"Coin Star"},{"departmentId":"40","name":"Coffee
        Bar"},{"departmentId":"48","name":"Starbucks"},{"departmentId":"95","name":"Diesel"},{"departmentId":"0K","name":"Full
        Strength Beer"},{"departmentId":"04","name":"Meat Department"},{"departmentId":"08","name":"Floral"},{"departmentId":"66","name":"Murray''s
        Cheese"},{"departmentId":"01","name":"Deli"},{"departmentId":"73","name":"Eco
        Atm"},{"departmentId":"55","name":"Atm"},{"departmentId":"09","name":"Pharmacy","phone":"3036602510","hours":{"open24":false,"monday":{"open":"09:00","close":"20:00","open24":false},"tuesday":{"open":"09:00","close":"20:00","open24":false},"wednesday":{"open":"09:00","close":"20:00","open24":false},"thursday":{"open":"09:00","close":"20:00","open24":false},"friday":{"open":"09:00","close":"20:00","open24":false},"saturday":{"open":"09:00","close":"18:00","open24":false},"sunday":{"open":"10:00","close":"17:00","open24":false}}},{"departmentId":"11","name":"Bank"},{"departmentId":"16","name":"Drive-thru
        Pharmacy"},{"departmentId":"50","name":"Olive Bar"},{"departmentId":"LY","name":"Lottery
        Tickets"},{"departmentId":"05","name":"Seafood Department"},{"departmentId":"65","name":"Money
        Services"},{"departmentId":"02","name":"Bakery"}]},{"locationId":"85200109","chain":"THE
        LITTLE CLINIC","address":{"addressLine1":"12959 S Parker Rd","city":"Parker","state":"CO","zipCode":"80134","county":"DOUGLAS
        COUNTY"},"geolocation":{"latitude":39.479628,"longitude":-104.760632,"latLng":"39.479628,-104.760632"},"name":"The
        Little Clinic - 075 Parker Clinic","hours":{"timezone":"America/Denver","gmtOffset":"(UTC-07:00)
        Mountain Time (US Canada)","open24":false,"monday":{"open":"08:30","close":"19:30","open24":false},"tuesday":{"open":"08:30","close":"19:30","open24":false},"wednesday":{"open":"08:30","close":"19:30","open24":false},"thursday":{"open":"08:30","close":"19:30","open24":false},"friday":{"open":"08:30","close":"19:30","open24":false},"saturday":{"open":"08:30","close":"17:00","open24":false},"sunday":{"open":"09:30","close":"16:00","open24":false}},"phone":"7208424089"},{"locationId":"62000075","chain":"KINGSOOPERS","address":{"addressLine1":"12959
        S Parker Rd","city":"Parker","state":"CO","zipCode":"80134","county":"DOUGLAS
        COUNTY"},"geolocation":{"latitude":39.4797451,"longitude":-104.7606324,"latLng":"39.4797451,-104.7606324"},"name":"King
        Soopers - Parker","hours":{"timezone":"America/Denver","gmtOffset":"(UTC-07:00)
        Mountain Time (US Canada)","open24":false,"monday":{"open":"06:00","close":"23:00","open24":false},"tuesday":{"open":"06:00","close":"23:00","open24":false},"wednesday":{"open":"06:00","close":"23:00","open24":false},"thursday":{"open":"06:00","close":"23:00","open24":false},"friday":{"open":"06:00","close":"23:00","open24":false},"saturday":{"open":"06:00","close":"23:00","open24":false},"sunday":{"open":"06:00","close":"23:00","open24":false}},"phone":"3038401223","departments":[{"departmentId":"31","name":"Coin
        Star"},{"departmentId":"03","name":"Cheese Counter"},{"departmentId":"08","name":"Floral"},{"departmentId":"10","name":"Gas
        Station"},{"departmentId":"32","name":"Natural And Organics"},{"departmentId":"28","name":"Driver''s
        Registration Services"},{"departmentId":"55","name":"Atm"},{"departmentId":"09","name":"Pharmacy","phone":"3038407683","hours":{"open24":false,"monday":{"open":"09:00","close":"20:00","open24":false},"tuesday":{"open":"09:00","close":"20:00","open24":false},"wednesday":{"open":"09:00","close":"20:00","open24":false},"thursday":{"open":"09:00","close":"20:00","open24":false},"friday":{"open":"09:00","close":"20:00","open24":false},"saturday":{"open":"09:00","close":"18:00","open24":false},"sunday":{"open":"10:00","close":"17:00","open24":false}}},{"departmentId":"0K","name":"Full
        Strength Beer"},{"departmentId":"29","name":"Event Tickets"},{"departmentId":"46","name":"Sushi"},{"departmentId":"69","name":"Online
        Deli/Bakery Ordering"},{"departmentId":"94","name":"Pickup"},{"departmentId":"95","name":"Diesel"},{"departmentId":"02","name":"Bakery"},{"departmentId":"23","name":"Drug
        \u0026 General Merchandise"},{"departmentId":"56","name":"Little Clinic/Medical
        Center/Urgent Care"},{"departmentId":"58","name":"Free Wireless Access"},{"departmentId":"LY","name":"Lottery
        Tickets"},{"departmentId":"66","name":"Murray''s Cheese"},{"departmentId":"73","name":"Eco
        Atm"},{"departmentId":"01","name":"Deli"},{"departmentId":"05","name":"Seafood
        Department"},{"departmentId":"50","name":"Olive Bar"},{"departmentId":"60","name":"Red
        Box"},{"departmentId":"63","name":"I-wireless"},{"departmentId":"65","name":"Money
        Services"},{"departmentId":"04","name":"Meat Department"},{"departmentId":"21","name":"Self
        Checkout"},{"departmentId":"48","name":"Starbucks"},{"departmentId":"53","name":"Boar''s
        Head"}]},{"locationId":"62000108","chain":"KINGSOOPERS","address":{"addressLine1":"4000
        Red Cedar Dr","city":"Highlands Ranch","state":"CO","zipCode":"80126","county":"DOUGLAS
        COUNTY"},"geolocation":{"latitude":39.5253356,"longitude":-104.9401432,"latLng":"39.5253356,-104.9401432"},"name":"King
        Soopers - Highlands Ranch","hours":{"timezone":"America/Denver","gmtOffset":"(UTC-07:00)
        Mountain Time (US Canada)","open24":false,"monday":{"open":"06:00","close":"23:00","open24":false},"tuesday":{"open":"06:00","close":"23:00","open24":false},"wednesday":{"open":"06:00","close":"23:00","open24":false},"thursday":{"open":"06:00","close":"23:00","open24":false},"friday":{"open":"06:00","close":"23:00","open24":false},"saturday":{"open":"06:00","close":"23:00","open24":false},"sunday":{"open":"06:00","close":"23:00","open24":false}},"phone":"3036837383","departments":[{"departmentId":"03","name":"Cheese
        Counter"},{"departmentId":"04","name":"Meat Department"},{"departmentId":"02","name":"Bakery"},{"departmentId":"09","name":"Pharmacy","phone":"3036834288","hours":{"open24":false,"monday":{"open":"09:00","close":"20:00","open24":false},"tuesday":{"open":"09:00","close":"20:00","open24":false},"wednesday":{"open":"09:00","close":"20:00","open24":false},"thursday":{"open":"09:00","close":"20:00","open24":false},"friday":{"open":"09:00","close":"20:00","open24":false},"saturday":{"open":"09:00","close":"18:00","open24":false},"sunday":{"open":"10:00","close":"17:00","open24":false}}},{"departmentId":"23","name":"Drug
        \u0026 General Merchandise"},{"departmentId":"63","name":"I-wireless"},{"departmentId":"66","name":"Murray''s
        Cheese"},{"departmentId":"05","name":"Seafood Department"},{"departmentId":"31","name":"Coin
        Star"},{"departmentId":"42","name":"Walk Up Pharmacy"},{"departmentId":"48","name":"Starbucks"},{"departmentId":"55","name":"Atm"},{"departmentId":"0K","name":"Full
        Strength Beer"},{"departmentId":"26","name":"Kosher Food"},{"departmentId":"58","name":"Free
        Wireless Access"},{"departmentId":"46","name":"Sushi"},{"departmentId":"50","name":"Olive
        Bar"},{"departmentId":"60","name":"Red Box"},{"departmentId":"69","name":"Online
        Deli/Bakery Ordering"},{"departmentId":"01","name":"Deli"},{"departmentId":"08","name":"Floral"},{"departmentId":"53","name":"Boar''s
        Head"},{"departmentId":"73","name":"Eco Atm"},{"departmentId":"94","name":"Pickup"},{"departmentId":"21","name":"Self
        Checkout"},{"departmentId":"29","name":"Event Tickets"},{"departmentId":"65","name":"Money
        Services"},{"departmentId":"LY","name":"Lottery Tickets"}]},{"locationId":"62000088","chain":"KINGSOOPERS","address":{"addressLine1":"17031
        Lincoln Ave","city":"Parker","state":"CO","zipCode":"80134","county":"DOUGLAS
        COUNTY"},"geolocation":{"latitude":39.5360557,"longitude":-104.7906572,"latLng":"39.5360557,-104.7906572"},"name":"King
        Soopers - Parker","hours":{"timezone":"America/Denver","gmtOffset":"(UTC-07:00)
        Mountain Time (US Canada)","open24":false,"monday":{"open":"06:00","close":"23:00","open24":false},"tuesday":{"open":"06:00","close":"23:00","open24":false},"wednesday":{"open":"06:00","close":"23:00","open24":false},"thursday":{"open":"06:00","close":"23:00","open24":false},"friday":{"open":"06:00","close":"23:00","open24":false},"saturday":{"open":"06:00","close":"23:00","open24":false},"sunday":{"open":"06:00","close":"23:00","open24":false}},"phone":"7208517750","departments":[{"departmentId":"0K","name":"Full
        Strength Beer"},{"departmentId":"31","name":"Coin Star"},{"departmentId":"53","name":"Boar''s
        Head"},{"departmentId":"LY","name":"Lottery Tickets"},{"departmentId":"48","name":"Starbucks"},{"departmentId":"69","name":"Online
        Deli/Bakery Ordering"},{"departmentId":"08","name":"Floral"},{"departmentId":"26","name":"Kosher
        Food"},{"departmentId":"94","name":"Pickup"},{"departmentId":"02","name":"Bakery"},{"departmentId":"05","name":"Seafood
        Department"},{"departmentId":"09","name":"Pharmacy","phone":"7208517754","hours":{"open24":false,"monday":{"open":"09:00","close":"20:00","open24":false},"tuesday":{"open":"09:00","close":"20:00","open24":false},"wednesday":{"open":"09:00","close":"20:00","open24":false},"thursday":{"open":"09:00","close":"20:00","open24":false},"friday":{"open":"09:00","close":"20:00","open24":false},"saturday":{"open":"09:00","close":"18:00","open24":false},"sunday":{"open":"10:00","close":"17:00","open24":false}}},{"departmentId":"73","name":"Eco
        Atm"},{"departmentId":"01","name":"Deli"},{"departmentId":"04","name":"Meat
        Department"},{"departmentId":"32","name":"Natural And Organics"},{"departmentId":"46","name":"Sushi"},{"departmentId":"65","name":"Money
        Services"},{"departmentId":"66","name":"Murray''s Cheese"},{"departmentId":"42","name":"Walk
        Up Pharmacy"},{"departmentId":"58","name":"Free Wireless Access"},{"departmentId":"63","name":"I-wireless"},{"departmentId":"55","name":"Atm"},{"departmentId":"60","name":"Red
        Box"},{"departmentId":"03","name":"Cheese Counter"},{"departmentId":"11","name":"Bank"},{"departmentId":"21","name":"Self
        Checkout"},{"departmentId":"23","name":"Drug \u0026 General Merchandise"},{"departmentId":"29","name":"Event
        Tickets"},{"departmentId":"54","name":"Chef"},{"departmentId":"50","name":"Olive
        Bar"}]},{"locationId":"62000027","chain":"KINGSOOPERS","address":{"addressLine1":"9551
        S University Blvd","city":"Highlands Ranch","state":"CO","zipCode":"80126","county":"DOUGLAS
        COUNTY"},"geolocation":{"latitude":39.5422823,"longitude":-104.9441651,"latLng":"39.5422823,-104.9441651"},"name":"King
        Soopers - VILLAGE CENTER","hours":{"timezone":"America/Denver","gmtOffset":"(UTC-07:00)
        Mountain Time (US Canada)","open24":false,"monday":{"open":"06:00","close":"23:00","open24":false},"tuesday":{"open":"06:00","close":"23:00","open24":false},"wednesday":{"open":"06:00","close":"23:00","open24":false},"thursday":{"open":"06:00","close":"23:00","open24":false},"friday":{"open":"06:00","close":"23:00","open24":false},"saturday":{"open":"06:00","close":"23:00","open24":false},"sunday":{"open":"06:00","close":"23:00","open24":false}},"phone":"3034703216","departments":[{"departmentId":"63","name":"I-wireless"},{"departmentId":"65","name":"Money
        Services"},{"departmentId":"69","name":"Online Deli/Bakery Ordering"},{"departmentId":"01","name":"Deli"},{"departmentId":"0K","name":"Full
        Strength Beer"},{"departmentId":"53","name":"Boar''s Head"},{"departmentId":"05","name":"Seafood
        Department"},{"departmentId":"LY","name":"Lottery Tickets"},{"departmentId":"11","name":"Bank"},{"departmentId":"32","name":"Natural
        And Organics"},{"departmentId":"56","name":"Little Clinic/Medical Center/Urgent
        Care"},{"departmentId":"21","name":"Self Checkout"},{"departmentId":"28","name":"Driver''s
        Registration Services"},{"departmentId":"48","name":"Starbucks"},{"departmentId":"66","name":"Murray''s
        Cheese"},{"departmentId":"02","name":"Bakery"},{"departmentId":"04","name":"Meat
        Department"},{"departmentId":"09","name":"Pharmacy","phone":"3034706445","hours":{"open24":false,"monday":{"open":"09:00","close":"20:00","open24":false},"tuesday":{"open":"09:00","close":"20:00","open24":false},"wednesday":{"open":"09:00","close":"20:00","open24":false},"thursday":{"open":"09:00","close":"20:00","open24":false},"friday":{"open":"09:00","close":"20:00","open24":false},"saturday":{"open":"09:00","close":"18:00","open24":false},"sunday":{"open":"10:00","close":"17:00","open24":false}}},{"departmentId":"23","name":"Drug
        \u0026 General Merchandise"},{"departmentId":"73","name":"Eco Atm"},{"departmentId":"94","name":"Pickup"},{"departmentId":"58","name":"Free
        Wireless Access"},{"departmentId":"08","name":"Floral"},{"departmentId":"29","name":"Event
        Tickets"},{"departmentId":"50","name":"Olive Bar"},{"departmentId":"49","name":"Kitchen
        Place"},{"departmentId":"54","name":"Chef"},{"departmentId":"55","name":"Atm"},{"departmentId":"71","name":"Home
        Shop"},{"departmentId":"03","name":"Cheese Counter"},{"departmentId":"26","name":"Kosher
        Food"},{"departmentId":"31","name":"Coin Star"},{"departmentId":"60","name":"Red
        Box"}]}],"meta":{"pagination":{"start":1,"limit":10,"total":10}}}'
  recorded_at: Sat, 10 Dec 2022 23:19:45 GMT
- request:
    method: post
    uri: https://api.kroger.com/v1/connect/oauth2/token?grant_type=client_credentials&scope=product.compact
    body:
      encoding: UTF-8
      string: ''
    headers:
      Authorization:
      - Basic ZnJ1Z2FseWZvb2RzLTU0ODIwMzY3MDJlOGEwMDAwNTE0MjExZmJlMjM1ZTQ3NzA2OTQ3ODcxMDkxOTczNDUzMTpkY2gwNGhSVEU1RlUwSkdLTU1odVNqc1RXdGo0NjZjVlVyWUJ4YXZY
      Content-Type:
      - application/x-www-form-urlencoded
      Accept:
      - application/json
      User-Agent:
      - Faraday v2.7.1
      Content-Length:
      - '0'
      Accept-Encoding:
      - gzip;q=1.0,deflate;q=0.6,identity;q=0.3
  response:
    status:
      code: 200
      message: OK
    headers:
      Content-Type:
      - application/json; charset=utf-8
      Content-Length:
      - '964'
      Server:
      - nginx
      Access-Control-Allow-Credentials:
      - 'true'
      Content-Security-Policy:
      - default-src 'self' localhost:*; script-src 'self' 'unsafe-inline' 'unsafe-eval'
        assets.adobedtm.com s.pinimg.com www.googletagmanager.com bat.bing.com www.googleadservices.com
        googleads.g.doubleclick.net ct.pinterest.com; connect-src 'self' dpm.demdex.net
        stats.kroger.com; font-src 'self' fonts.gstatic.com; frame-src kroger.demdex.com
        *.kroger.demdex.com bid.g.doubleclick.net; img-src 'self' *.kroger.com sstats.kroger.com
        *.google.com dpm.demdex.net bat.bing.com ct.pinterest.com cm.everesttech.net;
        style-src 'self' 'unsafe-inline' fonts.googleapis.com;
      X-Content-Type-Options:
      - nosniff
      X-Correlation-Id:
      - akam_1670714386_d5aefd5a-d62e-4c29-9a34-b7e51ae19c5d
      X-Frame-Options:
      - DENY
      X-Kroger-Proxy-Latency:
      - '1'
      X-Kroger-Upstream-Latency:
      - '21'
      X-Vcap-Request-Id:
      - 310e94c5-ccea-40d0-61ee-82d80edabac9
      X-Xss-Protection:
      - '1'
      Vary:
      - Accept-Encoding
      Akamai-Be-Grn:
      - 0.bc657468.1670714386.8bc7a
      Access-Control-Allow-Headers:
      - origin, x-requested-with, accept
      Access-Control-Max-Age:
      - '7200'
      Access-Control-Allow-Methods:
      - GET, PUT, POST, DELETE
      Date:
      - Sat, 10 Dec 2022 23:19:46 GMT
      Connection:
      - keep-alive
      Server-Timing:
      - cdn-cache; desc=MISS
      - edge; dur=69
      - origin; dur=139
      Akamai-Grn:
      - 0.47a93817.1670714385.d106aab
      Strict-Transport-Security:
      - max-age=31536000
      Set-Cookie:
      - akaalb_Digital_ALB_API=~op=KT_Digital_API_Apigee:api-apigee|~rv=42~m=api-apigee:0|~os=75b4a9ec926d2a9e67035451773cec6c~id=2b1744347b8bdae61d1cae8854498af2;
        path=/; HttpOnly; Secure; SameSite=None
    body:
      encoding: UTF-8
      string: '{"expires_in":1800,"access_token":"eyJhbGciOiJSUzI1NiIsImprdSI6Imh0dHBzOi8vYXBpLmtyb2dlci5jb20vdjEvLndlbGwta25vd24vandrcy5qc29uIiwia2lkIjoiWjRGZDNtc2tJSDg4aXJ0N0xCNWM2Zz09IiwidHlwIjoiSldUIn0.eyJhdWQiOiJmcnVnYWx5Zm9vZHMtNTQ4MjAzNjcwMmU4YTAwMDA1MTQyMTFmYmUyMzVlNDc3MDY5NDc4NzEwOTE5NzM0NTMxIiwiZXhwIjoxNjcwNzE2MTg2LCJpYXQiOjE2NzA3MTQzODEsImlzcyI6ImFwaS5rcm9nZXIuY29tIiwic3ViIjoiZTc0OGI1NmUtYTcwZC01YWMwLThiNWEtNTYyN2IwOTIxODE3Iiwic2NvcGUiOiJwcm9kdWN0LmNvbXBhY3QiLCJhdXRoQXQiOjE2NzA3MTQzODYxMDM5NDAxODQsImF6cCI6ImZydWdhbHlmb29kcy01NDgyMDM2NzAyZThhMDAwMDUxNDIxMWZiZTIzNWU0NzcwNjk0Nzg3MTA5MTk3MzQ1MzEifQ.n4zUYDQbWRC96hrmfJg7WHkZmBHC_OKfspyaWaEnLu03vS4VwFWgQoNb1C69CeaAy9bIOOsOra_FHAovtD5lJB6rRQCaQQ1jfWZxhN3A59QMCrEOW7lR7R9eeEU3CG7PrEEgeRJA3NP6iS_DxpTCYYcS2OfyaDp7szE5ZWCsOjAgaDjkD3SnDAmlOSWd7NSgTNSbX6NyHB7JmE7nVAEeBw8fek-6GfGDSx1u3u9c1RsFAHKFHXRPWTLyUq1RUFL1IJEdPZLN0BE3vFYr1iIxuT_hl712C1QBeK3sbt64kGPC9tJbrSYRhXhQ8ocJhDwGJJpNCaspwLOVARR5072TGg","token_type":"bearer"}'
  recorded_at: Sat, 10 Dec 2022 23:19:46 GMT
- request:
    method: get
    uri: https://api.kroger.com/v1/products?filter.locationId=62000125&filter.term=banana
    body:
      encoding: US-ASCII
      string: ''
    headers:
      Authorization:
      - Bearer eyJhbGciOiJSUzI1NiIsImprdSI6Imh0dHBzOi8vYXBpLmtyb2dlci5jb20vdjEvLndlbGwta25vd24vandrcy5qc29uIiwia2lkIjoiWjRGZDNtc2tJSDg4aXJ0N0xCNWM2Zz09IiwidHlwIjoiSldUIn0.eyJhdWQiOiJmcnVnYWx5Zm9vZHMtNTQ4MjAzNjcwMmU4YTAwMDA1MTQyMTFmYmUyMzVlNDc3MDY5NDc4NzEwOTE5NzM0NTMxIiwiZXhwIjoxNjcwNzE2MTg2LCJpYXQiOjE2NzA3MTQzODEsImlzcyI6ImFwaS5rcm9nZXIuY29tIiwic3ViIjoiZTc0OGI1NmUtYTcwZC01YWMwLThiNWEtNTYyN2IwOTIxODE3Iiwic2NvcGUiOiJwcm9kdWN0LmNvbXBhY3QiLCJhdXRoQXQiOjE2NzA3MTQzODYxMDM5NDAxODQsImF6cCI6ImZydWdhbHlmb29kcy01NDgyMDM2NzAyZThhMDAwMDUxNDIxMWZiZTIzNWU0NzcwNjk0Nzg3MTA5MTk3MzQ1MzEifQ.n4zUYDQbWRC96hrmfJg7WHkZmBHC_OKfspyaWaEnLu03vS4VwFWgQoNb1C69CeaAy9bIOOsOra_FHAovtD5lJB6rRQCaQQ1jfWZxhN3A59QMCrEOW7lR7R9eeEU3CG7PrEEgeRJA3NP6iS_DxpTCYYcS2OfyaDp7szE5ZWCsOjAgaDjkD3SnDAmlOSWd7NSgTNSbX6NyHB7JmE7nVAEeBw8fek-6GfGDSx1u3u9c1RsFAHKFHXRPWTLyUq1RUFL1IJEdPZLN0BE3vFYr1iIxuT_hl712C1QBeK3sbt64kGPC9tJbrSYRhXhQ8ocJhDwGJJpNCaspwLOVARR5072TGg
      Content-Type:
      - application/x-www-form-urlencoded
      Accept:
      - application/json
      User-Agent:
      - Faraday v2.7.1
      Accept-Encoding:
      - gzip;q=1.0,deflate;q=0.6,identity;q=0.3
  response:
    status:
      code: 200
      message: OK
    headers:
      Content-Type:
      - application/json; charset=utf-8
      Content-Length:
      - '29101'
      Server:
      - nginx
      Access-Control-Allow-Origin:
      - "*"
      X-Correlation-Id:
      - akam_1670714386_0d8d9919-6da7-4187-b99c-ab0fc88c7c33
      X-Kroger-Proxy-Latency:
      - '11'
      X-Kroger-Upstream-Latency:
      - '475'
      X-Vcap-Request-Id:
      - 9829aee6-3e3b-4889-4562-fee9f119df10
      Vary:
      - Accept-Encoding
      Akamai-Be-Grn:
      - 0.be657468.1670714386.7b75e2e
      Access-Control-Allow-Headers:
      - origin, x-requested-with, accept
      Access-Control-Max-Age:
      - '7200'
      Access-Control-Allow-Methods:
      - GET, PUT, POST, DELETE
      X-Ratelimit-Limit-Day:
      - '10000'
      X-Ratelimit-Remaining-Day:
      - '9995'
      Date:
      - Sat, 10 Dec 2022 23:19:46 GMT
      Connection:
      - keep-alive
      Server-Timing:
      - cdn-cache; desc=MISS
      - edge; dur=93
      - origin; dur=617
      Akamai-Grn:
      - 0.47a93817.1670714386.d106b7c
      Strict-Transport-Security:
      - max-age=31536000
      Set-Cookie:
      - akaalb_Digital_ALB_API=~op=KT_Digital_API_Apigee:api-apigee|~rv=30~m=api-apigee:0|~os=75b4a9ec926d2a9e67035451773cec6c~id=310173b1be4c13fd3043568dd06f00b7;
        path=/; HttpOnly; Secure; SameSite=None
    body:
      encoding: UTF-8
      string: '{"data":[{"productId":"0003663203641","upc":"0003663203641","aisleLocations":[{"bayNumber":"8","description":"AISLE
        34","number":"34","numberOfFacings":"1","side":"L","shelfNumber":"4","shelfPositionInBay":"1"}],"brand":"Danimals","categories":["Breakfast","Dairy","Dairy"],"countryOrigin":"UNITED
        STATES","description":"Danimals® Strawberry Banana Yogurt Smoothies","images":[{"perspective":"front","featured":true,"sizes":[{"size":"thumbnail","url":"https://www.kroger.com/product/images/thumbnail/front/0003663203641"},{"size":"small","url":"https://www.kroger.com/product/images/small/front/0003663203641"},{"size":"medium","url":"https://www.kroger.com/product/images/medium/front/0003663203641"},{"size":"large","url":"https://www.kroger.com/product/images/large/front/0003663203641"},{"size":"xlarge","url":"https://www.kroger.com/product/images/xlarge/front/0003663203641"}]},{"perspective":"right","sizes":[{"size":"thumbnail","url":"https://www.kroger.com/product/images/thumbnail/right/0003663203641"},{"size":"small","url":"https://www.kroger.com/product/images/small/right/0003663203641"},{"size":"medium","url":"https://www.kroger.com/product/images/medium/right/0003663203641"},{"size":"large","url":"https://www.kroger.com/product/images/large/right/0003663203641"},{"size":"xlarge","url":"https://www.kroger.com/product/images/xlarge/right/0003663203641"}]},{"perspective":"back","sizes":[{"size":"thumbnail","url":"https://www.kroger.com/product/images/thumbnail/back/0003663203641"},{"size":"small","url":"https://www.kroger.com/product/images/small/back/0003663203641"},{"size":"medium","url":"https://www.kroger.com/product/images/medium/back/0003663203641"},{"size":"large","url":"https://www.kroger.com/product/images/large/back/0003663203641"},{"size":"xlarge","url":"https://www.kroger.com/product/images/xlarge/back/0003663203641"}]},{"perspective":"bottom","sizes":[{"size":"thumbnail","url":"https://www.kroger.com/product/images/thumbnail/bottom/0003663203641"},{"size":"small","url":"https://www.kroger.com/product/images/small/bottom/0003663203641"},{"size":"medium","url":"https://www.kroger.com/product/images/medium/bottom/0003663203641"},{"size":"large","url":"https://www.kroger.com/product/images/large/bottom/0003663203641"},{"size":"xlarge","url":"https://www.kroger.com/product/images/xlarge/bottom/0003663203641"}]},{"perspective":"left","sizes":[{"size":"thumbnail","url":"https://www.kroger.com/product/images/thumbnail/left/0003663203641"},{"size":"small","url":"https://www.kroger.com/product/images/small/left/0003663203641"},{"size":"medium","url":"https://www.kroger.com/product/images/medium/left/0003663203641"},{"size":"large","url":"https://www.kroger.com/product/images/large/left/0003663203641"},{"size":"xlarge","url":"https://www.kroger.com/product/images/xlarge/left/0003663203641"}]},{"perspective":"top","sizes":[{"size":"thumbnail","url":"https://www.kroger.com/product/images/thumbnail/top/0003663203641"},{"size":"small","url":"https://www.kroger.com/product/images/small/top/0003663203641"},{"size":"medium","url":"https://www.kroger.com/product/images/medium/top/0003663203641"},{"size":"large","url":"https://www.kroger.com/product/images/large/top/0003663203641"},{"size":"xlarge","url":"https://www.kroger.com/product/images/xlarge/top/0003663203641"}]}],"items":[{"itemId":"0003663203641","inventory":{"stockLevel":"HIGH"},"favorite":false,"fulfillment":{"curbside":true,"delivery":true,"inStore":true,"shipToHome":false},"price":{"regular":3.99,"promo":3.69},"size":"6
        bottles / 3.1 fl oz","soldBy":"UNIT"}],"itemInformation":{"depth":"3.48","height":"4.06","width":"5.16"},"temperature":{"indicator":"Refrigerated","heatSensitive":false}},{"productId":"0003663202760","upc":"0003663202760","aisleLocations":[{"bayNumber":"8","description":"AISLE
        34","number":"34","numberOfFacings":"2","side":"L","shelfNumber":"2","shelfPositionInBay":"3"}],"brand":"Danimals","categories":["Breakfast","Dairy","Dairy"],"countryOrigin":"UNITED
        STATES","description":"Danimals® Strawberry Explosion \u0026 Banana Split
        Yogurt Smoothies Multipack","images":[{"perspective":"front","featured":true,"sizes":[{"size":"thumbnail","url":"https://www.kroger.com/product/images/thumbnail/front/0003663202760"},{"size":"small","url":"https://www.kroger.com/product/images/small/front/0003663202760"},{"size":"medium","url":"https://www.kroger.com/product/images/medium/front/0003663202760"},{"size":"large","url":"https://www.kroger.com/product/images/large/front/0003663202760"},{"size":"xlarge","url":"https://www.kroger.com/product/images/xlarge/front/0003663202760"}]},{"perspective":"right","sizes":[{"size":"thumbnail","url":"https://www.kroger.com/product/images/thumbnail/right/0003663202760"},{"size":"small","url":"https://www.kroger.com/product/images/small/right/0003663202760"},{"size":"medium","url":"https://www.kroger.com/product/images/medium/right/0003663202760"},{"size":"large","url":"https://www.kroger.com/product/images/large/right/0003663202760"},{"size":"xlarge","url":"https://www.kroger.com/product/images/xlarge/right/0003663202760"}]},{"perspective":"back","sizes":[{"size":"thumbnail","url":"https://www.kroger.com/product/images/thumbnail/back/0003663202760"},{"size":"small","url":"https://www.kroger.com/product/images/small/back/0003663202760"},{"size":"medium","url":"https://www.kroger.com/product/images/medium/back/0003663202760"},{"size":"large","url":"https://www.kroger.com/product/images/large/back/0003663202760"},{"size":"xlarge","url":"https://www.kroger.com/product/images/xlarge/back/0003663202760"}]},{"perspective":"bottom","sizes":[{"size":"thumbnail","url":"https://www.kroger.com/product/images/thumbnail/bottom/0003663202760"},{"size":"small","url":"https://www.kroger.com/product/images/small/bottom/0003663202760"},{"size":"medium","url":"https://www.kroger.com/product/images/medium/bottom/0003663202760"},{"size":"large","url":"https://www.kroger.com/product/images/large/bottom/0003663202760"},{"size":"xlarge","url":"https://www.kroger.com/product/images/xlarge/bottom/0003663202760"}]},{"perspective":"top","sizes":[{"size":"thumbnail","url":"https://www.kroger.com/product/images/thumbnail/top/0003663202760"},{"size":"small","url":"https://www.kroger.com/product/images/small/top/0003663202760"},{"size":"medium","url":"https://www.kroger.com/product/images/medium/top/0003663202760"},{"size":"large","url":"https://www.kroger.com/product/images/large/top/0003663202760"},{"size":"xlarge","url":"https://www.kroger.com/product/images/xlarge/top/0003663202760"}]},{"perspective":"left","sizes":[{"size":"thumbnail","url":"https://www.kroger.com/product/images/thumbnail/left/0003663202760"},{"size":"small","url":"https://www.kroger.com/product/images/small/left/0003663202760"},{"size":"medium","url":"https://www.kroger.com/product/images/medium/left/0003663202760"},{"size":"large","url":"https://www.kroger.com/product/images/large/left/0003663202760"},{"size":"xlarge","url":"https://www.kroger.com/product/images/xlarge/left/0003663202760"}]}],"items":[{"itemId":"0003663202760","inventory":{"stockLevel":"HIGH"},"favorite":false,"fulfillment":{"curbside":true,"delivery":true,"inStore":true,"shipToHome":false},"price":{"regular":6.29,"promo":5.99},"size":"12
        ct / 3.1 fl oz","soldBy":"UNIT"}],"itemInformation":{"depth":"3.48","height":"4.05","width":"10.32"},"temperature":{"indicator":"Refrigerated","heatSensitive":false}},{"productId":"0007047000313","upc":"0007047000313","aisleLocations":[{"bayNumber":"9","description":"AISLE
        34","number":"34","numberOfFacings":"1","side":"L","shelfNumber":"5","shelfPositionInBay":"3"}],"brand":"Yoplait","categories":["Dairy","Breakfast"],"countryOrigin":"UNITED
        STATES","description":"Yoplait Original Strawberry Banana Low Fat Yogurt Cup","images":[{"perspective":"front","featured":true,"sizes":[{"size":"thumbnail","url":"https://www.kroger.com/product/images/thumbnail/front/0007047000313"},{"size":"small","url":"https://www.kroger.com/product/images/small/front/0007047000313"},{"size":"medium","url":"https://www.kroger.com/product/images/medium/front/0007047000313"},{"size":"large","url":"https://www.kroger.com/product/images/large/front/0007047000313"},{"size":"xlarge","url":"https://www.kroger.com/product/images/xlarge/front/0007047000313"}]},{"perspective":"back","sizes":[{"size":"thumbnail","url":"https://www.kroger.com/product/images/thumbnail/back/0007047000313"},{"size":"small","url":"https://www.kroger.com/product/images/small/back/0007047000313"},{"size":"medium","url":"https://www.kroger.com/product/images/medium/back/0007047000313"},{"size":"large","url":"https://www.kroger.com/product/images/large/back/0007047000313"},{"size":"xlarge","url":"https://www.kroger.com/product/images/xlarge/back/0007047000313"}]},{"perspective":"right","sizes":[{"size":"thumbnail","url":"https://www.kroger.com/product/images/thumbnail/right/0007047000313"},{"size":"small","url":"https://www.kroger.com/product/images/small/right/0007047000313"},{"size":"medium","url":"https://www.kroger.com/product/images/medium/right/0007047000313"},{"size":"large","url":"https://www.kroger.com/product/images/large/right/0007047000313"},{"size":"xlarge","url":"https://www.kroger.com/product/images/xlarge/right/0007047000313"}]},{"perspective":"bottom","sizes":[{"size":"thumbnail","url":"https://www.kroger.com/product/images/thumbnail/bottom/0007047000313"},{"size":"small","url":"https://www.kroger.com/product/images/small/bottom/0007047000313"},{"size":"medium","url":"https://www.kroger.com/product/images/medium/bottom/0007047000313"},{"size":"large","url":"https://www.kroger.com/product/images/large/bottom/0007047000313"},{"size":"xlarge","url":"https://www.kroger.com/product/images/xlarge/bottom/0007047000313"}]},{"perspective":"top","sizes":[{"size":"thumbnail","url":"https://www.kroger.com/product/images/thumbnail/top/0007047000313"},{"size":"small","url":"https://www.kroger.com/product/images/small/top/0007047000313"},{"size":"medium","url":"https://www.kroger.com/product/images/medium/top/0007047000313"},{"size":"large","url":"https://www.kroger.com/product/images/large/top/0007047000313"},{"size":"xlarge","url":"https://www.kroger.com/product/images/xlarge/top/0007047000313"}]},{"perspective":"left","sizes":[{"size":"thumbnail","url":"https://www.kroger.com/product/images/thumbnail/left/0007047000313"},{"size":"small","url":"https://www.kroger.com/product/images/small/left/0007047000313"},{"size":"medium","url":"https://www.kroger.com/product/images/medium/left/0007047000313"},{"size":"large","url":"https://www.kroger.com/product/images/large/left/0007047000313"},{"size":"xlarge","url":"https://www.kroger.com/product/images/xlarge/left/0007047000313"}]}],"items":[{"itemId":"0007047000313","inventory":{"stockLevel":"HIGH"},"favorite":false,"fulfillment":{"curbside":true,"delivery":true,"inStore":true,"shipToHome":false},"price":{"regular":0.8,"promo":0},"size":"6
        oz","soldBy":"UNIT"}],"itemInformation":{"depth":"2.61","height":"3.56","width":"2.61"},"temperature":{"indicator":"Refrigerated","heatSensitive":false}},{"productId":"0000000094011","upc":"0000000094011","aisleLocations":[{"description":"PRODUCE","number":"0"}],"categories":["Natural
        \u0026 Organic","Produce"],"countryOrigin":"COLOMBIA; COSTA RICA; ECUADOR;
        GUATEMALA; HONDURAS; MEXICO; PERU","description":"Organic Banana","images":[{"perspective":"front","featured":true,"sizes":[{"size":"large","url":"https://www.kroger.com/product/images/large/front/0000000094011"},{"size":"xlarge","url":"https://www.kroger.com/product/images/xlarge/front/0000000094011"},{"size":"thumbnail","url":"https://www.kroger.com/product/images/thumbnail/front/0000000094011"},{"size":"small","url":"https://www.kroger.com/product/images/small/front/0000000094011"},{"size":"medium","url":"https://www.kroger.com/product/images/medium/front/0000000094011"}]},{"perspective":"back","sizes":[{"size":"thumbnail","url":"https://www.kroger.com/product/images/thumbnail/back/0000000094011"},{"size":"small","url":"https://www.kroger.com/product/images/small/back/0000000094011"},{"size":"medium","url":"https://www.kroger.com/product/images/medium/back/0000000094011"},{"size":"large","url":"https://www.kroger.com/product/images/large/back/0000000094011"},{"size":"xlarge","url":"https://www.kroger.com/product/images/xlarge/back/0000000094011"}]}],"items":[{"itemId":"0000000094011","favorite":false,"fulfillment":{"curbside":true,"delivery":true,"inStore":true,"shipToHome":false},"price":{"regular":0.69,"promo":0,"regularPerUnitEstimate":0.69},"size":"1
        lb","soldBy":"WEIGHT"}],"itemInformation":{"depth":"4.0","height":"1.6","width":"8.55"},"temperature":{"indicator":"Ambient","heatSensitive":false}},{"productId":"0007047040391","upc":"0007047040391","aisleLocations":[{"bayNumber":"8","description":"AISLE
        34","number":"34","numberOfFacings":"2","side":"L","shelfNumber":"2","shelfPositionInBay":"2"}],"brand":"Yoplait","categories":["Dairy","Dairy","Breakfast"],"countryOrigin":"UNITED
        STATES","description":"Yoplait Original Strawberry \u0026 Strawberry Banana
        Low Fat Yogurt Variety Pack","images":[{"perspective":"front","featured":true,"sizes":[{"size":"thumbnail","url":"https://www.kroger.com/product/images/thumbnail/front/0007047040391"},{"size":"small","url":"https://www.kroger.com/product/images/small/front/0007047040391"},{"size":"medium","url":"https://www.kroger.com/product/images/medium/front/0007047040391"},{"size":"large","url":"https://www.kroger.com/product/images/large/front/0007047040391"},{"size":"xlarge","url":"https://www.kroger.com/product/images/xlarge/front/0007047040391"}]},{"perspective":"right","sizes":[{"size":"thumbnail","url":"https://www.kroger.com/product/images/thumbnail/right/0007047040391"},{"size":"small","url":"https://www.kroger.com/product/images/small/right/0007047040391"},{"size":"medium","url":"https://www.kroger.com/product/images/medium/right/0007047040391"},{"size":"large","url":"https://www.kroger.com/product/images/large/right/0007047040391"},{"size":"xlarge","url":"https://www.kroger.com/product/images/xlarge/right/0007047040391"}]},{"perspective":"back","sizes":[{"size":"thumbnail","url":"https://www.kroger.com/product/images/thumbnail/back/0007047040391"},{"size":"small","url":"https://www.kroger.com/product/images/small/back/0007047040391"},{"size":"medium","url":"https://www.kroger.com/product/images/medium/back/0007047040391"},{"size":"large","url":"https://www.kroger.com/product/images/large/back/0007047040391"},{"size":"xlarge","url":"https://www.kroger.com/product/images/xlarge/back/0007047040391"}]},{"perspective":"bottom","sizes":[{"size":"thumbnail","url":"https://www.kroger.com/product/images/thumbnail/bottom/0007047040391"},{"size":"small","url":"https://www.kroger.com/product/images/small/bottom/0007047040391"},{"size":"medium","url":"https://www.kroger.com/product/images/medium/bottom/0007047040391"},{"size":"large","url":"https://www.kroger.com/product/images/large/bottom/0007047040391"},{"size":"xlarge","url":"https://www.kroger.com/product/images/xlarge/bottom/0007047040391"}]},{"perspective":"top","sizes":[{"size":"thumbnail","url":"https://www.kroger.com/product/images/thumbnail/top/0007047040391"},{"size":"small","url":"https://www.kroger.com/product/images/small/top/0007047040391"},{"size":"medium","url":"https://www.kroger.com/product/images/medium/top/0007047040391"},{"size":"large","url":"https://www.kroger.com/product/images/large/top/0007047040391"},{"size":"xlarge","url":"https://www.kroger.com/product/images/xlarge/top/0007047040391"}]},{"perspective":"left","sizes":[{"size":"thumbnail","url":"https://www.kroger.com/product/images/thumbnail/left/0007047040391"},{"size":"small","url":"https://www.kroger.com/product/images/small/left/0007047040391"},{"size":"medium","url":"https://www.kroger.com/product/images/medium/left/0007047040391"},{"size":"large","url":"https://www.kroger.com/product/images/large/left/0007047040391"},{"size":"xlarge","url":"https://www.kroger.com/product/images/xlarge/left/0007047040391"}]}],"items":[{"itemId":"0007047040391","inventory":{"stockLevel":"HIGH"},"favorite":false,"fulfillment":{"curbside":true,"delivery":true,"inStore":true,"shipToHome":false},"price":{"regular":5.49,"promo":0},"size":"8
        ct / 0.75 oz","soldBy":"UNIT"}],"itemInformation":{"depth":"9.96","height":"2.81","width":"5.93"},"temperature":{"indicator":"Refrigerated","heatSensitive":false}},{"productId":"0000000004011","upc":"0000000004011","aisleLocations":[{"description":"PRODUCE","number":"0"}],"categories":["Produce"],"countryOrigin":"COLOMBIA;
        COSTA RICA; ECUADOR; GUATEMALA","description":"Banana","images":[{"perspective":"front","featured":true,"sizes":[{"size":"thumbnail","url":"https://www.kroger.com/product/images/thumbnail/front/0000000004011"},{"size":"small","url":"https://www.kroger.com/product/images/small/front/0000000004011"},{"size":"medium","url":"https://www.kroger.com/product/images/medium/front/0000000004011"},{"size":"large","url":"https://www.kroger.com/product/images/large/front/0000000004011"},{"size":"xlarge","url":"https://www.kroger.com/product/images/xlarge/front/0000000004011"}]},{"perspective":"back","sizes":[{"size":"thumbnail","url":"https://www.kroger.com/product/images/thumbnail/back/0000000004011"},{"size":"small","url":"https://www.kroger.com/product/images/small/back/0000000004011"},{"size":"medium","url":"https://www.kroger.com/product/images/medium/back/0000000004011"},{"size":"large","url":"https://www.kroger.com/product/images/large/back/0000000004011"},{"size":"xlarge","url":"https://www.kroger.com/product/images/xlarge/back/0000000004011"}]}],"items":[{"itemId":"0000000004011","favorite":false,"fulfillment":{"curbside":true,"delivery":true,"inStore":true,"shipToHome":false},"price":{"regular":0.59,"promo":0,"regularPerUnitEstimate":0.59},"size":"1
        lb","soldBy":"WEIGHT"}],"itemInformation":{"depth":"8.0","height":"1.75","width":"1.75"},"temperature":{"indicator":"Ambient","heatSensitive":false}},{"productId":"0001111003796","upc":"0001111003796","aisleLocations":[{"bayNumber":"8","description":"AISLE
        34","number":"34","numberOfFacings":"2","side":"L","shelfNumber":"6","shelfPositionInBay":"3"}],"brand":"Kroger","categories":["Dairy","Dairy","Breakfast"],"countryOrigin":"UNITED
        STATES","description":"Kroger® Strawberry Banana \u0026 Cherry Low Fat Yogurt
        Tubes Variety Pack","images":[{"perspective":"left","sizes":[{"size":"thumbnail","url":"https://www.kroger.com/product/images/thumbnail/left/0001111003796"},{"size":"small","url":"https://www.kroger.com/product/images/small/left/0001111003796"},{"size":"medium","url":"https://www.kroger.com/product/images/medium/left/0001111003796"},{"size":"large","url":"https://www.kroger.com/product/images/large/left/0001111003796"},{"size":"xlarge","url":"https://www.kroger.com/product/images/xlarge/left/0001111003796"}]},{"perspective":"right","sizes":[{"size":"thumbnail","url":"https://www.kroger.com/product/images/thumbnail/right/0001111003796"},{"size":"small","url":"https://www.kroger.com/product/images/small/right/0001111003796"},{"size":"medium","url":"https://www.kroger.com/product/images/medium/right/0001111003796"},{"size":"large","url":"https://www.kroger.com/product/images/large/right/0001111003796"},{"size":"xlarge","url":"https://www.kroger.com/product/images/xlarge/right/0001111003796"}]},{"perspective":"front","featured":true,"sizes":[{"size":"thumbnail","url":"https://www.kroger.com/product/images/thumbnail/front/0001111003796"},{"size":"small","url":"https://www.kroger.com/product/images/small/front/0001111003796"},{"size":"medium","url":"https://www.kroger.com/product/images/medium/front/0001111003796"},{"size":"large","url":"https://www.kroger.com/product/images/large/front/0001111003796"},{"size":"xlarge","url":"https://www.kroger.com/product/images/xlarge/front/0001111003796"}]}],"items":[{"itemId":"0001111003796","inventory":{"stockLevel":"HIGH"},"favorite":false,"fulfillment":{"curbside":true,"delivery":true,"inStore":true,"shipToHome":false},"price":{"regular":1.99,"promo":0},"size":"8
        ct / 2 oz","soldBy":"UNIT"}],"itemInformation":{"depth":"3.75","height":"2.0","width":"9.0"},"temperature":{"indicator":"Refrigerated","heatSensitive":false}},{"productId":"0001111008350","upc":"0001111008350","aisleLocations":[{"bayNumber":"9","description":"AISLE
        28","number":"28","numberOfFacings":"2","side":"R","shelfNumber":"3","shelfPositionInBay":"2"}],"brand":"Kroger","categories":["Produce","Natural
        \u0026 Organic","Natural \u0026 Organic","Snacks"],"countryOrigin":"UNITED
        STATES","description":"Kroger Organic Banana Chips","images":[{"perspective":"front","featured":true,"sizes":[{"size":"thumbnail","url":"https://www.kroger.com/product/images/thumbnail/front/0001111008350"},{"size":"small","url":"https://www.kroger.com/product/images/small/front/0001111008350"},{"size":"medium","url":"https://www.kroger.com/product/images/medium/front/0001111008350"},{"size":"large","url":"https://www.kroger.com/product/images/large/front/0001111008350"},{"size":"xlarge","url":"https://www.kroger.com/product/images/xlarge/front/0001111008350"}]},{"perspective":"right","sizes":[{"size":"thumbnail","url":"https://www.kroger.com/product/images/thumbnail/right/0001111008350"},{"size":"small","url":"https://www.kroger.com/product/images/small/right/0001111008350"},{"size":"medium","url":"https://www.kroger.com/product/images/medium/right/0001111008350"},{"size":"large","url":"https://www.kroger.com/product/images/large/right/0001111008350"},{"size":"xlarge","url":"https://www.kroger.com/product/images/xlarge/right/0001111008350"}]},{"perspective":"bottom","sizes":[{"size":"thumbnail","url":"https://www.kroger.com/product/images/thumbnail/bottom/0001111008350"},{"size":"small","url":"https://www.kroger.com/product/images/small/bottom/0001111008350"},{"size":"medium","url":"https://www.kroger.com/product/images/medium/bottom/0001111008350"},{"size":"large","url":"https://www.kroger.com/product/images/large/bottom/0001111008350"},{"size":"xlarge","url":"https://www.kroger.com/product/images/xlarge/bottom/0001111008350"}]},{"perspective":"left","sizes":[{"size":"thumbnail","url":"https://www.kroger.com/product/images/thumbnail/left/0001111008350"},{"size":"small","url":"https://www.kroger.com/product/images/small/left/0001111008350"},{"size":"medium","url":"https://www.kroger.com/product/images/medium/left/0001111008350"},{"size":"large","url":"https://www.kroger.com/product/images/large/left/0001111008350"},{"size":"xlarge","url":"https://www.kroger.com/product/images/xlarge/left/0001111008350"}]}],"items":[{"itemId":"0001111008350","inventory":{"stockLevel":"HIGH"},"favorite":false,"fulfillment":{"curbside":true,"delivery":true,"inStore":true,"shipToHome":false},"price":{"regular":4.79,"promo":0},"size":"8
        oz","soldBy":"UNIT"}],"itemInformation":{"depth":"4.0","height":"4.8","width":"4.8"},"temperature":{"indicator":"Ambient","heatSensitive":false}},{"productId":"0003663202764","upc":"0003663202764","aisleLocations":[{"bayNumber":"14","description":"AISLE
        34","number":"34","numberOfFacings":"1","side":"L","shelfNumber":"5","shelfPositionInBay":"5"}],"brand":"Activia","categories":["Breakfast","Dairy","Dairy","Dairy","Dairy"],"countryOrigin":"UNITED
        STATES","description":"Activia® Strawberry Banana \u0026 Peach Nonfat Probiotic
        Yogurt","images":[{"perspective":"front","featured":true,"sizes":[{"size":"thumbnail","url":"https://www.kroger.com/product/images/thumbnail/front/0003663202764"},{"size":"small","url":"https://www.kroger.com/product/images/small/front/0003663202764"},{"size":"medium","url":"https://www.kroger.com/product/images/medium/front/0003663202764"},{"size":"large","url":"https://www.kroger.com/product/images/large/front/0003663202764"},{"size":"xlarge","url":"https://www.kroger.com/product/images/xlarge/front/0003663202764"}]},{"perspective":"right","sizes":[{"size":"thumbnail","url":"https://www.kroger.com/product/images/thumbnail/right/0003663202764"},{"size":"small","url":"https://www.kroger.com/product/images/small/right/0003663202764"},{"size":"medium","url":"https://www.kroger.com/product/images/medium/right/0003663202764"},{"size":"large","url":"https://www.kroger.com/product/images/large/right/0003663202764"},{"size":"xlarge","url":"https://www.kroger.com/product/images/xlarge/right/0003663202764"}]},{"perspective":"back","sizes":[{"size":"thumbnail","url":"https://www.kroger.com/product/images/thumbnail/back/0003663202764"},{"size":"small","url":"https://www.kroger.com/product/images/small/back/0003663202764"},{"size":"medium","url":"https://www.kroger.com/product/images/medium/back/0003663202764"},{"size":"large","url":"https://www.kroger.com/product/images/large/back/0003663202764"},{"size":"xlarge","url":"https://www.kroger.com/product/images/xlarge/back/0003663202764"}]},{"perspective":"left","sizes":[{"size":"thumbnail","url":"https://www.kroger.com/product/images/thumbnail/left/0003663202764"},{"size":"small","url":"https://www.kroger.com/product/images/small/left/0003663202764"},{"size":"medium","url":"https://www.kroger.com/product/images/medium/left/0003663202764"},{"size":"large","url":"https://www.kroger.com/product/images/large/left/0003663202764"},{"size":"xlarge","url":"https://www.kroger.com/product/images/xlarge/left/0003663202764"}]},{"perspective":"top","sizes":[{"size":"thumbnail","url":"https://www.kroger.com/product/images/thumbnail/top/0003663202764"},{"size":"small","url":"https://www.kroger.com/product/images/small/top/0003663202764"},{"size":"medium","url":"https://www.kroger.com/product/images/medium/top/0003663202764"},{"size":"large","url":"https://www.kroger.com/product/images/large/top/0003663202764"},{"size":"xlarge","url":"https://www.kroger.com/product/images/xlarge/top/0003663202764"}]}],"items":[{"itemId":"0003663202764","inventory":{"stockLevel":"TEMPORARILY_OUT_OF_STOCK"},"favorite":false,"fulfillment":{"curbside":true,"delivery":true,"inStore":true,"shipToHome":false},"price":{"regular":7.49,"promo":6.99},"size":"12
        ct / 4 oz","soldBy":"UNIT"}],"itemInformation":{"depth":"5.25","height":"5.24","width":"7.44"},"temperature":{"indicator":"Refrigerated","heatSensitive":false}},{"productId":"0081829001280","upc":"0081829001280","aisleLocations":[{"bayNumber":"12","description":"AISLE
        34","number":"34","numberOfFacings":"1","side":"L","shelfNumber":"2","shelfPositionInBay":"2"}],"brand":"Chobani","categories":["Dairy","Dairy","Breakfast","Dairy","Dairy","Dairy"],"countryOrigin":"UNITED
        STATES","description":"Chobani® Low-Fat Strawberry Banana on the Bottom Greek
        Yogurt","images":[{"perspective":"front","featured":true,"sizes":[{"size":"thumbnail","url":"https://www.kroger.com/product/images/thumbnail/front/0081829001280"},{"size":"small","url":"https://www.kroger.com/product/images/small/front/0081829001280"},{"size":"medium","url":"https://www.kroger.com/product/images/medium/front/0081829001280"},{"size":"large","url":"https://www.kroger.com/product/images/large/front/0081829001280"},{"size":"xlarge","url":"https://www.kroger.com/product/images/xlarge/front/0081829001280"}]},{"perspective":"back","sizes":[{"size":"thumbnail","url":"https://www.kroger.com/product/images/thumbnail/back/0081829001280"},{"size":"small","url":"https://www.kroger.com/product/images/small/back/0081829001280"},{"size":"medium","url":"https://www.kroger.com/product/images/medium/back/0081829001280"},{"size":"large","url":"https://www.kroger.com/product/images/large/back/0081829001280"},{"size":"xlarge","url":"https://www.kroger.com/product/images/xlarge/back/0081829001280"}]},{"perspective":"right","sizes":[{"size":"thumbnail","url":"https://www.kroger.com/product/images/thumbnail/right/0081829001280"},{"size":"small","url":"https://www.kroger.com/product/images/small/right/0081829001280"},{"size":"medium","url":"https://www.kroger.com/product/images/medium/right/0081829001280"},{"size":"large","url":"https://www.kroger.com/product/images/large/right/0081829001280"},{"size":"xlarge","url":"https://www.kroger.com/product/images/xlarge/right/0081829001280"}]},{"perspective":"left","sizes":[{"size":"thumbnail","url":"https://www.kroger.com/product/images/thumbnail/left/0081829001280"},{"size":"small","url":"https://www.kroger.com/product/images/small/left/0081829001280"},{"size":"medium","url":"https://www.kroger.com/product/images/medium/left/0081829001280"},{"size":"large","url":"https://www.kroger.com/product/images/large/left/0081829001280"},{"size":"xlarge","url":"https://www.kroger.com/product/images/xlarge/left/0081829001280"}]}],"items":[{"itemId":"0081829001280","inventory":{"stockLevel":"HIGH"},"favorite":false,"fulfillment":{"curbside":true,"delivery":true,"inStore":true,"shipToHome":false},"price":{"regular":5.29,"promo":0},"size":"4
        ct / 5.3 oz","soldBy":"UNIT"}],"itemInformation":{"depth":"3.71","height":"4.5","width":"7.52"},"temperature":{"indicator":"Refrigerated","heatSensitive":false}}],"meta":{"pagination":{"start":0,"limit":10,"total":251}}}'
  recorded_at: Sat, 10 Dec 2022 23:19:46 GMT
recorded_with: VCR 6.1.0
